#
# There is insufficient memory for the Java Runtime Environment to continue.
# Native memory allocation (malloc) failed to allocate 218608 bytes. Error detail: Chunk::new
# Possible reasons:
#   The system is out of physical RAM or swap space
#   This process is running with CompressedOops enabled, and the Java Heap may be blocking the growth of the native heap
# Possible solutions:
#   Reduce memory load on the system
#   Increase physical memory or swap space
#   Check if swap backing store is full
#   Decrease Java heap size (-Xmx/-Xms)
#   Decrease number of Java threads
#   Decrease Java thread stack sizes (-Xss)
#   Set larger code cache with -XX:ReservedCodeCacheSize=
#   JVM is running with Unscaled Compressed Oops mode in which the Java heap is
#     placed in the first 4GB address space. The Java Heap base address is the
#     maximum limit for the native heap growth. Please use -XX:HeapBaseMinAddress
#     to set the Java Heap base and to place the Java Heap above 4GB virtual address.
# This output file may be truncated or incomplete.
#
#  Out of Memory Error (arena.cpp:168), pid=101196, tid=99236
#
# JRE version: OpenJDK Runtime Environment Temurin-21.0.8+9 (21.0.8+9) (build 21.0.8+9-LTS)
# Java VM: OpenJDK 64-Bit Server VM Temurin-21.0.8+9 (21.0.8+9-LTS, mixed mode, sharing, tiered, compressed oops, compressed class ptrs, parallel gc, windows-amd64)
# No core dump will be written. Minidumps are not enabled by default on client versions of Windows
#

---------------  S U M M A R Y ------------

Command Line: --add-modules=ALL-SYSTEM --add-opens=java.base/java.util=ALL-UNNAMED --add-opens=java.base/java.lang=ALL-UNNAMED --add-opens=java.base/sun.nio.fs=ALL-UNNAMED -Declipse.application=org.eclipse.jdt.ls.core.id1 -Dosgi.bundles.defaultStartLevel=4 -Declipse.product=org.eclipse.jdt.ls.core.product -Djava.import.generatesMetadataFilesAtProjectRoot=false -DDetectVMInstallationsJob.disabled=true -Dfile.encoding=utf8 -XX:+UseParallelGC -XX:GCTimeRatio=4 -XX:AdaptiveSizePolicyWeight=90 -Dsun.zip.disableMemoryMapping=true -Xmx2G -Xms100m -Xlog:disable -javaagent:c:\Users\USER\.vscode\extensions\redhat.java-1.47.0-win32-x64\lombok\lombok-1.18.39-4050.jar -XX:+HeapDumpOnOutOfMemoryError -XX:HeapDumpPath=c:\Users\USER\AppData\Roaming\Code\User\workspaceStorage\e3fe2c02ae84c53f22439e44484efbb6\redhat.java -Daether.dependencyCollector.impl=bf c:\Users\USER\.vscode\extensions\redhat.java-1.47.0-win32-x64\server\plugins\org.eclipse.equinox.launcher_1.7.100.v20251014-1222.jar -configuration c:\Users\USER\AppData\Roaming\Code\User\globalStorage\redhat.java\1.47.0\config_win -data c:\Users\USER\AppData\Roaming\Code\User\workspaceStorage\e3fe2c02ae84c53f22439e44484efbb6\redhat.java\jdt_ws --pipe=\\.\pipe\lsp-9c6cc1210a94770fedbe7fa30b7cc099-sock

Host: AMD Ryzen 3 7320U with Radeon Graphics         , 8 cores, 5G,  Windows 11 , 64 bit Build 26100 (10.0.26100.6725)
Time: Sun Nov 16 22:17:31 2025 Malay Peninsula Standard Time elapsed time: 9.165413 seconds (0d 0h 0m 9s)

---------------  T H R E A D  ---------------

Current thread (0x000001eb7fa4bbd0):  JavaThread "C2 CompilerThread0" daemon [_thread_in_native, id=99236, stack(0x0000004ade600000,0x0000004ade700000) (1024K)]


Current CompileTask:
C2:9165 1710   !   4       java.lang.String::<init> (890 bytes)

Stack: [0x0000004ade600000,0x0000004ade700000]
Native frames: (J=compiled Java code, j=interpreted, Vv=VM code, C=native code)
V  [jvm.dll+0x6d2449]
V  [jvm.dll+0x8ae341]
V  [jvm.dll+0x8b08be]
V  [jvm.dll+0x8b0fa3]
V  [jvm.dll+0x280c96]
V  [jvm.dll+0xc581d]
V  [jvm.dll+0xc5d53]
V  [jvm.dll+0x3b919c]
V  [jvm.dll+0x385315]
V  [jvm.dll+0x38477a]
V  [jvm.dll+0x248ed0]
V  [jvm.dll+0x2484af]
V  [jvm.dll+0x1c89ee]
V  [jvm.dll+0x257d4d]
V  [jvm.dll+0x2562ea]
V  [jvm.dll+0x3f2d16]
V  [jvm.dll+0x857e6b]
V  [jvm.dll+0x6d0b0d]
C  [ucrtbase.dll+0x37b0]
C  [KERNEL32.DLL+0x2e8d7]
C  [ntdll.dll+0x8c53c]


---------------  P R O C E S S  ---------------

Threads class SMR info:
_java_thread_list=0x000001eb4286a2d0, length=13, elements={
0x000001eb68fda1b0, 0x000001eb7fa3c3f0, 0x000001eb7fa3e9c0, 0x000001eb7fa42040,
0x000001eb7fa43170, 0x000001eb7fa44dd0, 0x000001eb7fa47830, 0x000001eb7fa4bbd0,
0x000001eb42340080, 0x000001eb69047f30, 0x000001eb42644e70, 0x000001eb4236bed0,
0x000001eb42ce1010
}

Java Threads: ( => current thread )
  0x000001eb68fda1b0 JavaThread "main"                              [_thread_in_native, id=99772, stack(0x0000004addc00000,0x0000004addd00000) (1024K)]
  0x000001eb7fa3c3f0 JavaThread "Reference Handler"          daemon [_thread_blocked, id=102284, stack(0x0000004ade000000,0x0000004ade100000) (1024K)]
  0x000001eb7fa3e9c0 JavaThread "Finalizer"                  daemon [_thread_blocked, id=89668, stack(0x0000004ade100000,0x0000004ade200000) (1024K)]
  0x000001eb7fa42040 JavaThread "Signal Dispatcher"          daemon [_thread_blocked, id=101944, stack(0x0000004ade200000,0x0000004ade300000) (1024K)]
  0x000001eb7fa43170 JavaThread "Attach Listener"            daemon [_thread_blocked, id=89168, stack(0x0000004ade300000,0x0000004ade400000) (1024K)]
  0x000001eb7fa44dd0 JavaThread "Service Thread"             daemon [_thread_blocked, id=98112, stack(0x0000004ade400000,0x0000004ade500000) (1024K)]
  0x000001eb7fa47830 JavaThread "Monitor Deflation Thread"   daemon [_thread_blocked, id=82832, stack(0x0000004ade500000,0x0000004ade600000) (1024K)]
=>0x000001eb7fa4bbd0 JavaThread "C2 CompilerThread0"         daemon [_thread_in_native, id=99236, stack(0x0000004ade600000,0x0000004ade700000) (1024K)]
  0x000001eb42340080 JavaThread "C1 CompilerThread0"         daemon [_thread_blocked, id=100784, stack(0x0000004ade700000,0x0000004ade800000) (1024K)]
  0x000001eb69047f30 JavaThread "Common-Cleaner"             daemon [_thread_blocked, id=92852, stack(0x0000004ade800000,0x0000004ade900000) (1024K)]
  0x000001eb42644e70 JavaThread "Notification Thread"        daemon [_thread_blocked, id=99384, stack(0x0000004ade900000,0x0000004adea00000) (1024K)]
  0x000001eb4236bed0 JavaThread "Active Thread: Equinox Container: d68857b3-bd85-47cc-b0ca-f9ea972b4160"        [_thread_blocked, id=97880, stack(0x0000004adf000000,0x0000004adf100000) (1024K)]
  0x000001eb42ce1010 JavaThread "C2 CompilerThread1"         daemon [_thread_blocked, id=76772, stack(0x0000004adf100000,0x0000004adf200000) (1024K)]
Total: 13

Other Threads:
  0x000001eb7fa225f0 VMThread "VM Thread"                           [id=101076, stack(0x0000004addf00000,0x0000004ade000000) (1024K)]
  0x000001eb7f95ca00 WatcherThread "VM Periodic Task Thread"        [id=99124, stack(0x0000004adde00000,0x0000004addf00000) (1024K)]
  0x000001eb68ff92c0 WorkerThread "GC Thread#0"                     [id=80056, stack(0x0000004addd00000,0x0000004adde00000) (1024K)]
  0x000001eb426c98d0 WorkerThread "GC Thread#1"                     [id=100856, stack(0x0000004adea00000,0x0000004adeb00000) (1024K)]
  0x000001eb426bdb40 WorkerThread "GC Thread#2"                     [id=100952, stack(0x0000004adeb00000,0x0000004adec00000) (1024K)]
  0x000001eb426bdee0 WorkerThread "GC Thread#3"                     [id=101732, stack(0x0000004adec00000,0x0000004aded00000) (1024K)]
  0x000001eb428e6f40 WorkerThread "GC Thread#4"                     [id=100200, stack(0x0000004aded00000,0x0000004adee00000) (1024K)]
  0x000001eb428e72e0 WorkerThread "GC Thread#5"                     [id=98940, stack(0x0000004adee00000,0x0000004adef00000) (1024K)]
  0x000001eb4268b200 WorkerThread "GC Thread#6"                     [id=99088, stack(0x0000004adef00000,0x0000004adf000000) (1024K)]
Total: 9

Threads with active compile tasks:
C2 CompilerThread0  9225 1710   !   4       java.lang.String::<init> (890 bytes)
Total: 1

VM state: not at safepoint (normal execution)

VM Mutex/Monitor currently owned by a thread: None

Heap address: 0x0000000080000000, size: 2048 MB, Compressed Oops mode: 32-bit

CDS archive(s) mapped at: [0x000001eb00000000-0x000001eb00ba0000-0x000001eb00ba0000), size 12189696, SharedBaseAddress: 0x000001eb00000000, ArchiveRelocationMode: 1.
Compressed class space mapped at: 0x000001eb01000000-0x000001eb41000000, reserved size: 1073741824
Narrow klass base: 0x000001eb00000000, Narrow klass shift: 0, Narrow klass range: 0x100000000

GC Precious Log:
 CardTable entry size: 512
 CPUs: 8 total, 8 available
 Memory: 5877M
 Large Page Support: Disabled
 NUMA Support: Disabled
 Compressed Oops: Enabled (32-bit)
 Alignments: Space 512K, Generation 512K, Heap 2M
 Heap Min Capacity: 100M
 Heap Initial Capacity: 100M
 Heap Max Capacity: 2G
 Pre-touch: Disabled
 Parallel Workers: 8

Heap:
 PSYoungGen      total 29696K, used 27701K [0x00000000d5580000, 0x00000000d7680000, 0x0000000100000000)
  eden space 25600K, 95% used [0x00000000d5580000,0x00000000d6d55320,0x00000000d6e80000)
  from space 4096K, 80% used [0x00000000d6e80000,0x00000000d71b8158,0x00000000d7280000)
  to   space 4096K, 0% used [0x00000000d7280000,0x00000000d7280000,0x00000000d7680000)
 ParOldGen       total 68608K, used 16K [0x0000000080000000, 0x0000000084300000, 0x00000000d5580000)
  object space 68608K, 0% used [0x0000000080000000,0x0000000080004000,0x0000000084300000)
 Metaspace       used 7929K, committed 8192K, reserved 1114112K
  class space    used 827K, committed 960K, reserved 1048576K

Card table byte_map: [0x000001eb68980000,0x000001eb68d90000] _byte_map_base: 0x000001eb68580000

Marking Bits: (ParMarkBitMap*) 0x00007fffb7d0a340
 Begin Bits: [0x000001eb7b480000, 0x000001eb7d480000)
 End Bits:   [0x000001eb7d480000, 0x000001eb7f480000)

Polling page: 0x000001eb68650000

Metaspace:

Usage:
  Non-class:      6.94 MB used.
      Class:    827.35 KB used.
       Both:      7.74 MB used.

Virtual space:
  Non-class space:       64.00 MB reserved,       7.06 MB ( 11%) committed,  1 nodes.
      Class space:        1.00 GB reserved,     960.00 KB ( <1%) committed,  1 nodes.
             Both:        1.06 GB reserved,       8.00 MB ( <1%) committed. 

Chunk freelists:
   Non-Class:  8.81 MB
       Class:  14.91 MB
        Both:  23.72 MB

MaxMetaspaceSize: unlimited
CompressedClassSpaceSize: 1.00 GB
Initial GC threshold: 21.00 MB
Current GC threshold: 21.00 MB
CDS: on
 - commit_granule_bytes: 65536.
 - commit_granule_words: 8192.
 - virtual_space_node_default_size: 8388608.
 - enlarge_chunks_in_place: 1.
 - use_allocation_guard: 0.


Internal statistics:

num_allocs_failed_limit: 0.
num_arena_births: 228.
num_arena_deaths: 0.
num_vsnodes_births: 2.
num_vsnodes_deaths: 0.
num_space_committed: 128.
num_space_uncommitted: 0.
num_chunks_returned_to_freelist: 0.
num_chunks_taken_from_freelist: 418.
num_chunk_merges: 0.
num_chunk_splits: 271.
num_chunks_enlarged: 179.
num_inconsistent_stats: 0.

CodeHeap 'non-profiled nmethods': size=120000Kb used=705Kb max_used=705Kb free=119294Kb
 bounds [0x000001eb73ca0000, 0x000001eb73f10000, 0x000001eb7b1d0000]
CodeHeap 'profiled nmethods': size=120000Kb used=3192Kb max_used=3192Kb free=116807Kb
 bounds [0x000001eb6c1d0000, 0x000001eb6c4f0000, 0x000001eb73700000]
CodeHeap 'non-nmethods': size=5760Kb used=1216Kb max_used=1231Kb free=4543Kb
 bounds [0x000001eb73700000, 0x000001eb73970000, 0x000001eb73ca0000]
CodeCache: size=245760Kb, used=5113Kb, max_used=5128Kb, free=240644Kb
 total_blobs=2230, nmethods=1748, adapters=389, full_count=0
Compilation: enabled, stopped_count=0, restarted_count=0

Compilation events (20 events):
Event: 7.122 Thread 0x000001eb7fa4bbd0 1710   !   4       java.lang.String::<init> (890 bytes)
Event: 7.123 Thread 0x000001eb42340080 nmethod 1736 0x000001eb6c4e5610 code [0x000001eb6c4e59c0, 0x000001eb6c4e6e88]
Event: 7.125 Thread 0x000001eb42340080 1737  s!   3       java.util.jar.JarFile::ensureInitialization (59 bytes)
Event: 7.126 Thread 0x000001eb42340080 nmethod 1737 0x000001eb6c4e7710 code [0x000001eb6c4e7940, 0x000001eb6c4e7f38]
Event: 7.126 Thread 0x000001eb42340080 1738       3       jdk.internal.loader.URLClassPath$JarLoader$2::getBytes (48 bytes)
Event: 7.126 Thread 0x000001eb42340080 nmethod 1738 0x000001eb6c4e8190 code [0x000001eb6c4e83a0, 0x000001eb6c4e8988]
Event: 7.126 Thread 0x000001eb42340080 1739       3       java.security.CodeSource::<init> (52 bytes)
Event: 7.127 Thread 0x000001eb42340080 nmethod 1739 0x000001eb6c4e8c10 code [0x000001eb6c4e8de0, 0x000001eb6c4e9238]
Event: 7.127 Thread 0x000001eb42340080 1740       3       java.security.SecureClassLoader::defineClass (16 bytes)
Event: 7.127 Thread 0x000001eb42340080 nmethod 1740 0x000001eb6c4e9390 code [0x000001eb6c4e9540, 0x000001eb6c4e96e8]
Event: 7.128 Thread 0x000001eb42340080 1741       3       java.lang.ClassLoader::getDefinedPackage (36 bytes)
Event: 7.128 Thread 0x000001eb42340080 nmethod 1741 0x000001eb6c4e9810 code [0x000001eb6c4e9a00, 0x000001eb6c4e9f78]
Event: 7.130 Thread 0x000001eb42340080 1742       3       java.security.CodeSigner::equals (67 bytes)
Event: 7.130 Thread 0x000001eb42340080 nmethod 1742 0x000001eb6c4ea190 code [0x000001eb6c4ea3a0, 0x000001eb6c4ea9a0]
Event: 7.130 Thread 0x000001eb42340080 1743   !   3       jdk.internal.loader.URLClassPath$JarLoader::checkResource (73 bytes)
Event: 7.131 Thread 0x000001eb42340080 nmethod 1743 0x000001eb6c4eab10 code [0x000001eb6c4ead40, 0x000001eb6c4eb518]
Event: 7.132 Thread 0x000001eb42340080 1744       3       java.util.ArrayList::contains (14 bytes)
Event: 7.133 Thread 0x000001eb42340080 nmethod 1744 0x000001eb6c4eb910 code [0x000001eb6c4ebac0, 0x000001eb6c4ebcd0]
Event: 7.133 Thread 0x000001eb42340080 1745       3       org.eclipse.osgi.framework.eventmgr.CopyOnWriteIdentityMap$Snapshot$SnapshotIterator::hasNext (15 bytes)
Event: 7.133 Thread 0x000001eb42340080 nmethod 1745 0x000001eb6c4ebd90 code [0x000001eb6c4ebf40, 0x000001eb6c4ec0b8]

GC Heap History (2 events):
Event: 3.403 GC heap before
{Heap before GC invocations=1 (full 0):
 PSYoungGen      total 29696K, used 25600K [0x00000000d5580000, 0x00000000d7680000, 0x0000000100000000)
  eden space 25600K, 100% used [0x00000000d5580000,0x00000000d6e80000,0x00000000d6e80000)
  from space 4096K, 0% used [0x00000000d7280000,0x00000000d7280000,0x00000000d7680000)
  to   space 4096K, 0% used [0x00000000d6e80000,0x00000000d6e80000,0x00000000d7280000)
 ParOldGen       total 68608K, used 0K [0x0000000080000000, 0x0000000084300000, 0x00000000d5580000)
  object space 68608K, 0% used [0x0000000080000000,0x0000000080000000,0x0000000084300000)
 Metaspace       used 4356K, committed 4608K, reserved 1114112K
  class space    used 473K, committed 576K, reserved 1048576K
}
Event: 3.413 GC heap after
{Heap after GC invocations=1 (full 0):
 PSYoungGen      total 29696K, used 3296K [0x00000000d5580000, 0x00000000d7680000, 0x0000000100000000)
  eden space 25600K, 0% used [0x00000000d5580000,0x00000000d5580000,0x00000000d6e80000)
  from space 4096K, 80% used [0x00000000d6e80000,0x00000000d71b8158,0x00000000d7280000)
  to   space 4096K, 0% used [0x00000000d7280000,0x00000000d7280000,0x00000000d7680000)
 ParOldGen       total 68608K, used 16K [0x0000000080000000, 0x0000000084300000, 0x00000000d5580000)
  object space 68608K, 0% used [0x0000000080000000,0x0000000080004000,0x0000000084300000)
 Metaspace       used 4356K, committed 4608K, reserved 1114112K
  class space    used 473K, committed 576K, reserved 1048576K
}

Dll operation events (8 events):
Event: 0.159 Loaded shared library c:\Users\USER\.vscode\extensions\redhat.java-1.47.0-win32-x64\jre\21.0.8-win32-x86_64\bin\java.dll
Event: 0.467 Loaded shared library c:\Users\USER\.vscode\extensions\redhat.java-1.47.0-win32-x64\jre\21.0.8-win32-x86_64\bin\zip.dll
Event: 0.535 Loaded shared library C:\Users\USER\.vscode\extensions\redhat.java-1.47.0-win32-x64\jre\21.0.8-win32-x86_64\bin\instrument.dll
Event: 0.560 Loaded shared library C:\Users\USER\.vscode\extensions\redhat.java-1.47.0-win32-x64\jre\21.0.8-win32-x86_64\bin\net.dll
Event: 0.597 Loaded shared library C:\Users\USER\.vscode\extensions\redhat.java-1.47.0-win32-x64\jre\21.0.8-win32-x86_64\bin\nio.dll
Event: 0.610 Loaded shared library C:\Users\USER\.vscode\extensions\redhat.java-1.47.0-win32-x64\jre\21.0.8-win32-x86_64\bin\zip.dll
Event: 0.677 Loaded shared library C:\Users\USER\.vscode\extensions\redhat.java-1.47.0-win32-x64\jre\21.0.8-win32-x86_64\bin\jimage.dll
Event: 1.024 Loaded shared library c:\Users\USER\.vscode\extensions\redhat.java-1.47.0-win32-x64\jre\21.0.8-win32-x86_64\bin\verify.dll

Deoptimization events (20 events):
Event: 6.993 Thread 0x000001eb68fda1b0 DEOPT PACKING pc=0x000001eb73d34b58 sp=0x0000004addcfe7e0
Event: 6.993 Thread 0x000001eb68fda1b0 DEOPT UNPACKING pc=0x000001eb73753aa2 sp=0x0000004addcfe708 mode 2
Event: 6.997 Thread 0x000001eb68fda1b0 Uncommon trap: trap_request=0xffffffde fr.pc=0x000001eb73d34b58 relative=0x0000000000000a78
Event: 6.997 Thread 0x000001eb68fda1b0 Uncommon trap: reason=class_check action=maybe_recompile pc=0x000001eb73d34b58 method=java.util.HashMap.putVal(ILjava/lang/Object;Ljava/lang/Object;ZZ)Ljava/lang/Object; @ 253 c2
Event: 6.997 Thread 0x000001eb68fda1b0 DEOPT PACKING pc=0x000001eb73d34b58 sp=0x0000004addcfe7e0
Event: 6.997 Thread 0x000001eb68fda1b0 DEOPT UNPACKING pc=0x000001eb73753aa2 sp=0x0000004addcfe708 mode 2
Event: 6.999 Thread 0x000001eb68fda1b0 Uncommon trap: trap_request=0xffffffde fr.pc=0x000001eb73d0fff8 relative=0x0000000000000918
Event: 6.999 Thread 0x000001eb68fda1b0 Uncommon trap: reason=class_check action=maybe_recompile pc=0x000001eb73d0fff8 method=java.util.HashMap.putVal(ILjava/lang/Object;Ljava/lang/Object;ZZ)Ljava/lang/Object; @ 253 c2
Event: 6.999 Thread 0x000001eb68fda1b0 DEOPT PACKING pc=0x000001eb73d0fff8 sp=0x0000004addcfe640
Event: 6.999 Thread 0x000001eb68fda1b0 DEOPT UNPACKING pc=0x000001eb73753aa2 sp=0x0000004addcfe600 mode 2
Event: 7.092 Thread 0x000001eb68fda1b0 DEOPT PACKING pc=0x000001eb6c29f1bc sp=0x0000004addcf9480
Event: 7.092 Thread 0x000001eb68fda1b0 DEOPT UNPACKING pc=0x000001eb73754242 sp=0x0000004addcf89a0 mode 0
Event: 7.105 Thread 0x000001eb68fda1b0 DEOPT PACKING pc=0x000001eb6c34eb08 sp=0x0000004addcfc980
Event: 7.105 Thread 0x000001eb68fda1b0 DEOPT UNPACKING pc=0x000001eb73754242 sp=0x0000004addcfbe00 mode 0
Event: 7.106 Thread 0x000001eb68fda1b0 DEOPT PACKING pc=0x000001eb6c34eb08 sp=0x0000004addcfcc90
Event: 7.106 Thread 0x000001eb68fda1b0 DEOPT UNPACKING pc=0x000001eb73754242 sp=0x0000004addcfc110 mode 0
Event: 7.107 Thread 0x000001eb68fda1b0 DEOPT PACKING pc=0x000001eb6c34eb08 sp=0x0000004addcfcbe0
Event: 7.107 Thread 0x000001eb68fda1b0 DEOPT UNPACKING pc=0x000001eb73754242 sp=0x0000004addcfc060 mode 0
Event: 7.108 Thread 0x000001eb68fda1b0 DEOPT PACKING pc=0x000001eb6c34eb08 sp=0x0000004addcfcee0
Event: 7.108 Thread 0x000001eb68fda1b0 DEOPT UNPACKING pc=0x000001eb73754242 sp=0x0000004addcfc360 mode 0

Classes loaded (20 events):
Event: 7.048 Loading class java/net/UrlDeserializedState
Event: 7.048 Loading class java/net/UrlDeserializedState done
Event: 7.049 Loading class java/lang/reflect/InaccessibleObjectException
Event: 7.049 Loading class java/lang/reflect/InaccessibleObjectException done
Event: 7.054 Loading class java/lang/StackWalker$Option
Event: 7.054 Loading class java/lang/StackWalker$Option done
Event: 7.091 Loading class javax/xml/parsers/ParserConfigurationException
Event: 7.092 Loading class javax/xml/parsers/ParserConfigurationException done
Event: 7.097 Loading class java/security/KeyStoreException
Event: 7.097 Loading class java/security/KeyStoreException done
Event: 7.133 Loading class java/util/LinkedList$Node
Event: 7.133 Loading class java/util/LinkedList$Node done
Event: 7.133 Loading class java/util/LinkedList$ListItr
Event: 7.133 Loading class java/util/LinkedList$ListItr done
Event: 7.134 Loading class java/lang/Thread$Builder$OfPlatform
Event: 7.135 Loading class java/lang/Thread$Builder
Event: 7.135 Loading class java/lang/Thread$Builder done
Event: 7.135 Loading class java/lang/Thread$Builder$OfPlatform done
Event: 7.135 Loading class java/lang/Thread$Builder$OfVirtual
Event: 7.135 Loading class java/lang/Thread$Builder$OfVirtual done

Classes unloaded (0 events):
No events

Classes redefined (0 events):
No events

Internal exceptions (20 events):
Event: 3.016 Thread 0x000001eb68fda1b0 Exception <a 'java/lang/NoSuchMethodError'{0x00000000d65f7778}: 'java.lang.Object java.lang.invoke.DirectMethodHandle$Holder.invokeInterface(java.lang.Object, java.lang.Object, int)'> (0x00000000d65f7778) 
thrown [s\src\hotspot\share\interpreter\linkResolver.cpp, line 773]
Event: 3.296 Thread 0x000001eb68fda1b0 Exception <a 'java/lang/NoSuchMethodError'{0x00000000d6a5d918}: 'java.lang.ClassLoader java.lang.ClassLoader.getPlatformClassLoader(java.lang.Class)'> (0x00000000d6a5d918) 
thrown [s\src\hotspot\share\interpreter\linkResolver.cpp, line 773]
Event: 3.394 Thread 0x000001eb68fda1b0 Exception <a 'java/lang/ClassNotFoundException'{0x00000000d6e7b7b0}: sun/net/www/protocol/c/Handler> (0x00000000d6e7b7b0) 
thrown [s\src\hotspot\share\classfile\systemDictionary.cpp, line 312]
Event: 3.395 Thread 0x000001eb68fda1b0 Exception <a 'java/lang/ClassNotFoundException'{0x00000000d6e7cb58}: sun/net/www/protocol/c/Handler> (0x00000000d6e7cb58) 
thrown [s\src\hotspot\share\classfile\systemDictionary.cpp, line 312]
Event: 3.396 Thread 0x000001eb68fda1b0 Exception <a 'java/lang/ClassNotFoundException'{0x00000000d6e7dd40}: sun/net/www/protocol/c/Handler> (0x00000000d6e7dd40) 
thrown [s\src\hotspot\share\classfile\systemDictionary.cpp, line 312]
Event: 3.495 Thread 0x000001eb68fda1b0 Exception <a 'java/io/FileNotFoundException'{0x00000000d55a6638}> (0x00000000d55a6638) 
thrown [s\src\hotspot\share\prims\jni.cpp, line 520]
Event: 3.710 Thread 0x000001eb68fda1b0 Implicit null exception at 0x000001eb73cfc4c9 to 0x000001eb73cfce38
Event: 3.711 Thread 0x000001eb68fda1b0 Implicit null exception at 0x000001eb73d04f1a to 0x000001eb73d05120
Event: 3.712 Thread 0x000001eb68fda1b0 Exception <a 'java/lang/NoSuchMethodError'{0x00000000d5795c10}: 'void java.lang.invoke.DirectMethodHandle$Holder.invokeStatic(java.lang.Object, java.lang.Object, java.lang.Object, java.lang.Object)'> (0x00000000d5795c10) 
thrown [s\src\hotspot\share\interpreter\linkResolver.cpp, line 773]
Event: 3.714 Thread 0x000001eb68fda1b0 Implicit null exception at 0x000001eb73d0561a to 0x000001eb73d05824
Event: 3.714 Thread 0x000001eb68fda1b0 Implicit null exception at 0x000001eb73d0083d to 0x000001eb73d008c1
Event: 4.125 Thread 0x000001eb68fda1b0 Exception <a 'java/lang/NoSuchMethodError'{0x00000000d5a2f0e0}: 'void java.lang.invoke.DirectMethodHandle$Holder.invokeSpecial(java.lang.Object, java.lang.Object, java.lang.Object)'> (0x00000000d5a2f0e0) 
thrown [s\src\hotspot\share\interpreter\linkResolver.cpp, line 773]
Event: 6.657 Thread 0x000001eb68fda1b0 Exception <a 'java/lang/NoSuchMethodError'{0x00000000d6435688}: 'int java.lang.invoke.DirectMethodHandle$Holder.invokeVirtual(java.lang.Object, java.lang.Object)'> (0x00000000d6435688) 
thrown [s\src\hotspot\share\interpreter\linkResolver.cpp, line 773]
Event: 6.838 Thread 0x000001eb68fda1b0 Exception <a 'java/lang/NoSuchMethodError'{0x00000000d65bcdc0}: 'int java.lang.invoke.DirectMethodHandle$Holder.invokeStaticInit(java.lang.Object, java.lang.Object, java.lang.Object, java.lang.Object)'> (0x00000000d65bcdc0) 
thrown [s\src\hotspot\share\interpreter\linkResolver.cpp, line 773]
Event: 6.840 Thread 0x000001eb68fda1b0 Exception <a 'java/lang/IncompatibleClassChangeError'{0x00000000d65c5248}: Found class java.lang.Object, but interface was expected> (0x00000000d65c5248) 
thrown [s\src\hotspot\share\interpreter\linkResolver.cpp, line 840]
Event: 6.842 Thread 0x000001eb68fda1b0 Exception <a 'java/lang/NoSuchMethodError'{0x00000000d65cc158}: 'void java.lang.invoke.DirectMethodHandle$Holder.invokeStaticInit(java.lang.Object, java.lang.Object)'> (0x00000000d65cc158) 
thrown [s\src\hotspot\share\interpreter\linkResolver.cpp, line 773]
Event: 6.844 Thread 0x000001eb68fda1b0 Exception <a 'java/lang/NoSuchMethodError'{0x00000000d65d5c90}: 'int java.lang.invoke.DirectMethodHandle$Holder.invokeStaticInit(java.lang.Object, java.lang.Object)'> (0x00000000d65d5c90) 
thrown [s\src\hotspot\share\interpreter\linkResolver.cpp, line 773]
Event: 6.965 Thread 0x000001eb68fda1b0 Exception <a 'java/lang/NoSuchMethodError'{0x00000000d6841348}: 'java.lang.Object java.lang.invoke.DirectMethodHandle$Holder.newInvokeSpecial(java.lang.Object, int, java.lang.Object)'> (0x00000000d6841348) 
thrown [s\src\hotspot\share\interpreter\linkResolver.cpp, line 773]
Event: 7.057 Thread 0x000001eb68fda1b0 Exception <a 'java/lang/ClassNotFoundException'{0x00000000d6a5e750}: sun/net/www/protocol/plurl/Handler> (0x00000000d6a5e750) 
thrown [s\src\hotspot\share\classfile\systemDictionary.cpp, line 312]
Event: 7.058 Thread 0x000001eb68fda1b0 Exception <a 'java/lang/ClassNotFoundException'{0x00000000d6a5f5d0}: sun/net/www/protocol/plurl/Handler> (0x00000000d6a5f5d0) 
thrown [s\src\hotspot\share\classfile\systemDictionary.cpp, line 312]

ZGC Phase Switch (0 events):
No events

VM Operations (20 events):
Event: 3.363 Executing VM operation: HandshakeAllThreads (Deoptimize)
Event: 3.363 Executing VM operation: HandshakeAllThreads (Deoptimize) done
Event: 3.363 Executing VM operation: Cleanup
Event: 3.363 Executing VM operation: Cleanup done
Event: 3.403 Executing VM operation: ParallelGCFailedAllocation (Allocation Failure)
Event: 3.413 Executing VM operation: ParallelGCFailedAllocation (Allocation Failure) done
Event: 4.418 Executing VM operation: Cleanup
Event: 5.337 Executing VM operation: Cleanup done
Event: 6.894 Executing VM operation: HandshakeAllThreads (Deoptimize)
Event: 6.894 Executing VM operation: HandshakeAllThreads (Deoptimize) done
Event: 6.894 Executing VM operation: Cleanup
Event: 6.894 Executing VM operation: Cleanup done
Event: 6.911 Executing VM operation: HandshakeAllThreads (Deoptimize)
Event: 6.911 Executing VM operation: HandshakeAllThreads (Deoptimize) done
Event: 7.028 Executing VM operation: HandshakeAllThreads (Deoptimize)
Event: 7.028 Executing VM operation: HandshakeAllThreads (Deoptimize) done
Event: 7.051 Executing VM operation: HandshakeAllThreads (Deoptimize)
Event: 7.051 Executing VM operation: HandshakeAllThreads (Deoptimize) done
Event: 8.055 Executing VM operation: Cleanup
Event: 8.055 Executing VM operation: Cleanup done

Memory protections (0 events):
No events

Nmethod flushes (0 events):
No events

Events (12 events):
Event: 0.196 Thread 0x000001eb68fda1b0 Thread added: 0x000001eb68fda1b0
Event: 0.246 Thread 0x000001eb68fda1b0 Thread added: 0x000001eb7fa3c3f0
Event: 0.246 Thread 0x000001eb68fda1b0 Thread added: 0x000001eb7fa3e9c0
Event: 0.247 Thread 0x000001eb68fda1b0 Thread added: 0x000001eb7fa42040
Event: 0.247 Thread 0x000001eb68fda1b0 Thread added: 0x000001eb7fa43170
Event: 0.247 Thread 0x000001eb68fda1b0 Thread added: 0x000001eb7fa44dd0
Event: 0.247 Thread 0x000001eb68fda1b0 Thread added: 0x000001eb7fa47830
Event: 0.247 Thread 0x000001eb68fda1b0 Thread added: 0x000001eb7fa4bbd0
Event: 0.249 Thread 0x000001eb68fda1b0 Thread added: 0x000001eb42340080
Event: 0.428 Thread 0x000001eb68fda1b0 Thread added: 0x000001eb69047f30
Event: 1.694 Thread 0x000001eb68fda1b0 Thread added: 0x000001eb42644e70
Event: 6.869 Thread 0x000001eb68fda1b0 Thread added: 0x000001eb4236bed0


Dynamic libraries:
0x00007ff719550000 - 0x00007ff71955e000 	c:\Users\USER\.vscode\extensions\redhat.java-1.47.0-win32-x64\jre\21.0.8-win32-x86_64\bin\java.exe
0x00007ff81cc20000 - 0x00007ff81ce88000 	C:\WINDOWS\SYSTEM32\ntdll.dll
0x00007ff81be40000 - 0x00007ff81bf09000 	C:\WINDOWS\System32\KERNEL32.DLL
0x00007ff81a300000 - 0x00007ff81a6f2000 	C:\WINDOWS\System32\KERNELBASE.dll
0x00007ff805b10000 - 0x00007ff805b2e000 	c:\Users\USER\.vscode\extensions\redhat.java-1.47.0-win32-x64\jre\21.0.8-win32-x86_64\bin\VCRUNTIME140.dll
0x00007ff805bc0000 - 0x00007ff805bd8000 	c:\Users\USER\.vscode\extensions\redhat.java-1.47.0-win32-x64\jre\21.0.8-win32-x86_64\bin\jli.dll
0x00007ff81a060000 - 0x00007ff81a1ab000 	C:\WINDOWS\System32\ucrtbase.dll
0x00007ff81bb90000 - 0x00007ff81bd55000 	C:\WINDOWS\System32\USER32.dll
0x00007ff81a850000 - 0x00007ff81a877000 	C:\WINDOWS\System32\win32u.dll
0x00007ff81c870000 - 0x00007ff81c89b000 	C:\WINDOWS\System32\GDI32.dll
0x00007ffffb370000 - 0x00007ffffb603000 	C:\WINDOWS\WinSxS\amd64_microsoft.windows.common-controls_6595b64144ccf1df_6.0.26100.6899_none_3e0efeeae32e88c1\COMCTL32.dll
0x00007ff819f30000 - 0x00007ff81a05d000 	C:\WINDOWS\System32\gdi32full.dll
0x00007ff81a250000 - 0x00007ff81a2f3000 	C:\WINDOWS\System32\msvcp_win.dll
0x00007ff81b610000 - 0x00007ff81b6b9000 	C:\WINDOWS\System32\msvcrt.dll
0x00007ff81b8d0000 - 0x00007ff81b8ff000 	C:\WINDOWS\System32\IMM32.DLL
0x00007ff80c9a0000 - 0x00007ff80c9ac000 	c:\Users\USER\.vscode\extensions\redhat.java-1.47.0-win32-x64\jre\21.0.8-win32-x86_64\bin\vcruntime140_1.dll
0x00007fffe5f20000 - 0x00007fffe5fad000 	c:\Users\USER\.vscode\extensions\redhat.java-1.47.0-win32-x64\jre\21.0.8-win32-x86_64\bin\msvcp140.dll
0x00007fffb7050000 - 0x00007fffb7de7000 	c:\Users\USER\.vscode\extensions\redhat.java-1.47.0-win32-x64\jre\21.0.8-win32-x86_64\bin\server\jvm.dll
0x00007ff81bf20000 - 0x00007ff81bfd4000 	C:\WINDOWS\System32\ADVAPI32.dll
0x00007ff81c7c0000 - 0x00007ff81c866000 	C:\WINDOWS\System32\sechost.dll
0x00007ff81b910000 - 0x00007ff81ba28000 	C:\WINDOWS\System32\RPCRT4.dll
0x00007ff81b050000 - 0x00007ff81b0c4000 	C:\WINDOWS\System32\WS2_32.dll
0x00007ff819c10000 - 0x00007ff819c6e000 	C:\WINDOWS\SYSTEM32\POWRPROF.dll
0x00007ff80e120000 - 0x00007ff80e155000 	C:\WINDOWS\SYSTEM32\WINMM.dll
0x00007ff80d690000 - 0x00007ff80d69b000 	C:\WINDOWS\SYSTEM32\VERSION.dll
0x00007ff819bf0000 - 0x00007ff819c04000 	C:\WINDOWS\SYSTEM32\UMPDC.dll
0x00007ff818b80000 - 0x00007ff818b9b000 	C:\WINDOWS\SYSTEM32\kernel.appcore.dll
0x00007ff80c250000 - 0x00007ff80c25a000 	c:\Users\USER\.vscode\extensions\redhat.java-1.47.0-win32-x64\jre\21.0.8-win32-x86_64\bin\jimage.dll
0x00007ff817780000 - 0x00007ff8179c2000 	C:\WINDOWS\SYSTEM32\DBGHELP.DLL
0x00007ff81b0d0000 - 0x00007ff81b44b000 	C:\WINDOWS\System32\combase.dll
0x00007ff81bd60000 - 0x00007ff81be37000 	C:\WINDOWS\System32\OLEAUT32.dll
0x00007ffffac10000 - 0x00007ffffac4c000 	C:\WINDOWS\SYSTEM32\dbgcore.DLL
0x00007ff81a1b0000 - 0x00007ff81a248000 	C:\WINDOWS\System32\bcryptPrimitives.dll
0x00007ff812c30000 - 0x00007ff812c3f000 	c:\Users\USER\.vscode\extensions\redhat.java-1.47.0-win32-x64\jre\21.0.8-win32-x86_64\bin\instrument.dll
0x00007ff803b50000 - 0x00007ff803b6f000 	c:\Users\USER\.vscode\extensions\redhat.java-1.47.0-win32-x64\jre\21.0.8-win32-x86_64\bin\java.dll
0x00007ff81c070000 - 0x00007ff81c7bd000 	C:\WINDOWS\System32\SHELL32.dll
0x00007ff81a880000 - 0x00007ff81a9eb000 	C:\WINDOWS\System32\wintypes.dll
0x00007ff817a00000 - 0x00007ff81825d000 	C:\WINDOWS\SYSTEM32\windows.storage.dll
0x00007ff81b7d0000 - 0x00007ff81b8c2000 	C:\WINDOWS\System32\SHCORE.dll
0x00007ff81ae80000 - 0x00007ff81aee2000 	C:\WINDOWS\System32\shlwapi.dll
0x00007ff819cd0000 - 0x00007ff819cf9000 	C:\WINDOWS\SYSTEM32\profapi.dll
0x00007ff8011d0000 - 0x00007ff8011e8000 	c:\Users\USER\.vscode\extensions\redhat.java-1.47.0-win32-x64\jre\21.0.8-win32-x86_64\bin\zip.dll
0x00007ff80baf0000 - 0x00007ff80bb00000 	C:\Users\USER\.vscode\extensions\redhat.java-1.47.0-win32-x64\jre\21.0.8-win32-x86_64\bin\net.dll
0x00007ff812e90000 - 0x00007ff812faf000 	C:\WINDOWS\SYSTEM32\WINHTTP.dll
0x00007ff8190f0000 - 0x00007ff81915b000 	C:\WINDOWS\system32\mswsock.dll
0x00007ff8003d0000 - 0x00007ff8003e6000 	C:\Users\USER\.vscode\extensions\redhat.java-1.47.0-win32-x64\jre\21.0.8-win32-x86_64\bin\nio.dll
0x00007ff80df30000 - 0x00007ff80df40000 	c:\Users\USER\.vscode\extensions\redhat.java-1.47.0-win32-x64\jre\21.0.8-win32-x86_64\bin\verify.dll

JVMTI agents:
c:\Users\USER\.vscode\extensions\redhat.java-1.47.0-win32-x64\lombok\lombok-1.18.39-4050.jar path:c:\Users\USER\.vscode\extensions\redhat.java-1.47.0-win32-x64\jre\21.0.8-win32-x86_64\bin\instrument.dll, loaded, initialized, instrumentlib options:none

dbghelp: loaded successfully - version: 4.0.5 - missing functions: none
symbol engine: initialized successfully - sym options: 0x614 - pdb path: .;c:\Users\USER\.vscode\extensions\redhat.java-1.47.0-win32-x64\jre\21.0.8-win32-x86_64\bin;C:\WINDOWS\SYSTEM32;C:\WINDOWS\WinSxS\amd64_microsoft.windows.common-controls_6595b64144ccf1df_6.0.26100.6899_none_3e0efeeae32e88c1;c:\Users\USER\.vscode\extensions\redhat.java-1.47.0-win32-x64\jre\21.0.8-win32-x86_64\bin\server

VM Arguments:
jvm_args: --add-modules=ALL-SYSTEM --add-opens=java.base/java.util=ALL-UNNAMED --add-opens=java.base/java.lang=ALL-UNNAMED --add-opens=java.base/sun.nio.fs=ALL-UNNAMED -Declipse.application=org.eclipse.jdt.ls.core.id1 -Dosgi.bundles.defaultStartLevel=4 -Declipse.product=org.eclipse.jdt.ls.core.product -Djava.import.generatesMetadataFilesAtProjectRoot=false -DDetectVMInstallationsJob.disabled=true -Dfile.encoding=utf8 -XX:+UseParallelGC -XX:GCTimeRatio=4 -XX:AdaptiveSizePolicyWeight=90 -Dsun.zip.disableMemoryMapping=true -Xmx2G -Xms100m -Xlog:disable -javaagent:c:\Users\USER\.vscode\extensions\redhat.java-1.47.0-win32-x64\lombok\lombok-1.18.39-4050.jar -XX:+HeapDumpOnOutOfMemoryError -XX:HeapDumpPath=c:\Users\USER\AppData\Roaming\Code\User\workspaceStorage\e3fe2c02ae84c53f22439e44484efbb6\redhat.java -Daether.dependencyCollector.impl=bf 
java_command: c:\Users\USER\.vscode\extensions\redhat.java-1.47.0-win32-x64\server\plugins\org.eclipse.equinox.launcher_1.7.100.v20251014-1222.jar -configuration c:\Users\USER\AppData\Roaming\Code\User\globalStorage\redhat.java\1.47.0\config_win -data c:\Users\USER\AppData\Roaming\Code\User\workspaceStorage\e3fe2c02ae84c53f22439e44484efbb6\redhat.java\jdt_ws --pipe=\\.\pipe\lsp-9c6cc1210a94770fedbe7fa30b7cc099-sock
java_class_path (initial): c:\Users\USER\.vscode\extensions\redhat.java-1.47.0-win32-x64\server\plugins\org.eclipse.equinox.launcher_1.7.100.v20251014-1222.jar
Launcher Type: SUN_STANDARD

[Global flags]
    uintx AdaptiveSizePolicyWeight                 = 90                                        {product} {command line}
     intx CICompilerCount                          = 4                                         {product} {ergonomic}
    uintx GCTimeRatio                              = 4                                         {product} {command line}
     bool HeapDumpOnOutOfMemoryError               = true                                   {manageable} {command line}
    ccstr HeapDumpPath                             = c:\Users\USER\AppData\Roaming\Code\User\workspaceStorage\e3fe2c02ae84c53f22439e44484efbb6\redhat.java         {manageable} {command line}
   size_t InitialHeapSize                          = 104857600                                 {product} {command line}
   size_t MaxHeapSize                              = 2147483648                                {product} {command line}
   size_t MaxNewSize                               = 715653120                                 {product} {ergonomic}
   size_t MinHeapDeltaBytes                        = 524288                                    {product} {ergonomic}
   size_t MinHeapSize                              = 104857600                                 {product} {command line}
   size_t NewSize                                  = 34603008                                  {product} {ergonomic}
    uintx NonNMethodCodeHeapSize                   = 5839372                                {pd product} {ergonomic}
    uintx NonProfiledCodeHeapSize                  = 122909434                              {pd product} {ergonomic}
   size_t OldSize                                  = 70254592                                  {product} {ergonomic}
    uintx ProfiledCodeHeapSize                     = 122909434                              {pd product} {ergonomic}
    uintx ReservedCodeCacheSize                    = 251658240                              {pd product} {ergonomic}
     bool SegmentedCodeCache                       = true                                      {product} {ergonomic}
   size_t SoftMaxHeapSize                          = 2147483648                             {manageable} {ergonomic}
     bool UseCompressedOops                        = true                           {product lp64_product} {ergonomic}
     bool UseLargePagesIndividualAllocation        = false                                  {pd product} {ergonomic}
     bool UseParallelGC                            = true                                      {product} {command line}

Logging:
Log output configuration:
 #0: stdout all=off uptime,level,tags foldmultilines=false
 #1: stderr all=off uptime,level,tags foldmultilines=false

Environment Variables:
PATH=C:\Program Files\Common Files\Oracle\Java\javapath;C:\WINDOWS\system32;C:\WINDOWS;C:\WINDOWS\System32\Wbem;C:\WINDOWS\System32\WindowsPowerShell\v1.0\;C:\WINDOWS\System32\OpenSSH\;C:\Program Files\IBM\SPSS\Statistics\24\JRE\bin;D:\MATLAB\bin;D:\MATLAB\bin\win64;D:\Programs\Python\Scripts\;D:\Programs\Python\;C:\Users\USER\AppData\Local\Programs\Python\Launcher\;C:\Users\USER\AppData\Local\Microsoft\WindowsApps;C:\Users\USER\AppData\Local\Programs\Microsoft VS Code\bin;C:\Program Files (x86)\Jar2Exe Wizard\;C:\xampp2\php;C:\flutter\src\flutter\bin;
USERNAME=USER
OS=Windows_NT
PROCESSOR_IDENTIFIER=AMD64 Family 23 Model 160 Stepping 0, AuthenticAMD
TMP=C:\Users\USER\AppData\Local\Temp
TEMP=C:\Users\USER\AppData\Local\Temp




Periodic native trim disabled

---------------  S Y S T E M  ---------------

OS:
 Windows 11 , 64 bit Build 26100 (10.0.26100.6725)
OS uptime: 6 days 10:26 hours
Hyper-V role detected

CPU: total 8 (initial active 8) (8 cores per cpu, 2 threads per core) family 23 model 160 stepping 0 microcode 0x8a00006, cx8, cmov, fxsr, ht, mmx, 3dnowpref, sse, sse2, sse3, ssse3, sse4a, sse4.1, sse4.2, popcnt, lzcnt, tsc, tscinvbit, avx, avx2, aes, clmul, bmi1, bmi2, adx, sha, fma, vzeroupper, clflush, clflushopt, hv, rdtscp, rdpid, f16c
Processor Information for the first 8 processors :
  Max Mhz: 2401, Current Mhz: 2401, Mhz Limit: 2401

Memory: 4k page, system-wide physical 5877M (420M free)
TotalPageFile size 18677M (AvailPageFile size 5M)
current process WorkingSet (physical memory assigned to process): 72M, peak: 84M
current process commit charge ("private bytes"): 236M, peak: 237M

vm_info: OpenJDK 64-Bit Server VM (21.0.8+9-LTS) for windows-amd64 JRE (21.0.8+9-LTS), built on 2025-07-15T00:00:00Z by "admin" with MS VC++ 17.7 (VS2022)

END.
