#
# There is insufficient memory for the Java Runtime Environment to continue.
# Native memory allocation (malloc) failed to allocate 1048576 bytes. Error detail: AllocateHeap
# Possible reasons:
#   The system is out of physical RAM or swap space
#   This process is running with CompressedOops enabled, and the Java Heap may be blocking the growth of the native heap
# Possible solutions:
#   Reduce memory load on the system
#   Increase physical memory or swap space
#   Check if swap backing store is full
#   Decrease Java heap size (-Xmx/-Xms)
#   Decrease number of Java threads
#   Decrease Java thread stack sizes (-Xss)
#   Set larger code cache with -XX:ReservedCodeCacheSize=
#   JVM is running with Unscaled Compressed Oops mode in which the Java heap is
#     placed in the first 4GB address space. The Java Heap base address is the
#     maximum limit for the native heap growth. Please use -XX:HeapBaseMinAddress
#     to set the Java Heap base and to place the Java Heap above 4GB virtual address.
# This output file may be truncated or incomplete.
#
#  Out of Memory Error (allocation.cpp:44), pid=59444, tid=103448
#
# JRE version:  (21.0.3) (build )
# Java VM: OpenJDK 64-Bit Server VM (21.0.3+-12282718-b509.11, mixed mode, sharing, tiered, compressed oops, compressed class ptrs, g1 gc, windows-amd64)
# No core dump will be written. Minidumps are not enabled by default on client versions of Windows
#

---------------  S U M M A R Y ------------

Command Line: 

Host: AMD Ryzen 3 7320U with Radeon Graphics         , 8 cores, 5G,  Windows 11 , 64 bit Build 26100 (10.0.26100.6725)
Time: Sun Nov 16 23:27:45 2025 Malay Peninsula Standard Time elapsed time: 1.038828 seconds (0d 0h 0m 1s)

---------------  T H R E A D  ---------------

Current thread (0x000001da8bbcc730):  JavaThread "Unknown thread" [_thread_in_vm, id=103448, stack(0x0000003ad8900000,0x0000003ad8a00000) (1024K)]

Stack: [0x0000003ad8900000,0x0000003ad8a00000]
Native frames: (J=compiled Java code, j=interpreted, Vv=VM code, C=native code)
V  [jvm.dll+0x6cafb9]
V  [jvm.dll+0x858523]
V  [jvm.dll+0x85aa7e]
V  [jvm.dll+0x85b163]
V  [jvm.dll+0x27d356]
V  [jvm.dll+0xba0b7]
V  [jvm.dll+0x321e45]
V  [jvm.dll+0x81fd4d]
V  [jvm.dll+0x3b7c08]
V  [jvm.dll+0x80921d]
V  [jvm.dll+0x44c05e]
V  [jvm.dll+0x44d6b1]
C  [jli.dll+0x52ab]
C  [ucrtbase.dll+0x37b0]
C  [KERNEL32.DLL+0x2e8d7]
C  [ntdll.dll+0x8c53c]


---------------  P R O C E S S  ---------------

Threads class SMR info:
_java_thread_list=0x00007fff78c457c8, length=0, elements={
}

Java Threads: ( => current thread )
Total: 0

Other Threads:

=>0x000001da8bbcc730 (exited) JavaThread "Unknown thread"    [_thread_in_vm, id=103448, stack(0x0000003ad8900000,0x0000003ad8a00000) (1024K)]
Total: 1

Threads with active compile tasks:
Total: 0

VM state: not at safepoint (not fully initialized)

VM Mutex/Monitor currently owned by a thread: None

Heap address: 0x0000000000000000, size: 0 MB, Compressed Oops mode: 32-bit

CDS archive(s) mapped at: [0x0000000000000000-0x0000000000000000-0x0000000000000000), size 0, SharedBaseAddress: 0x0000000800000000, ArchiveRelocationMode: 1.
Narrow klass base: 0x0000000000000000, Narrow klass shift: 0, Narrow klass range: 0x0

GC Precious Log:
 CardTable entry size: 512
 Card Set container configuration: InlinePtr #cards 5 size 8 Array Of Cards #cards 12 size 40 Howl #buckets 4 coarsen threshold 1843 Howl Bitmap #cards 512 size 80 coarsen threshold 460 Card regions per heap region 1 cards per card region 2048

GC Heap History (0 events):
No events

Dll operation events (1 events):
Event: 0.023 Loaded shared library D:\Android Studio\jbr\bin\java.dll

Deoptimization events (0 events):
No events

Classes loaded (0 events):
No events

Classes unloaded (0 events):
No events

Classes redefined (0 events):
No events

Internal exceptions (0 events):
No events

ZGC Phase Switch (0 events):
No events

VM Operations (0 events):
No events

Events (0 events):
No events


Dynamic libraries:
0x00007ff6ce020000 - 0x00007ff6ce02a000 	D:\Android Studio\jbr\bin\java.EXE
0x00007ff81cc20000 - 0x00007ff81ce88000 	C:\WINDOWS\SYSTEM32\ntdll.dll
0x00007ff81be40000 - 0x00007ff81bf09000 	C:\WINDOWS\System32\KERNEL32.DLL
0x00007ff81a300000 - 0x00007ff81a6f2000 	C:\WINDOWS\System32\KERNELBASE.dll
0x00007ff81a060000 - 0x00007ff81a1ab000 	C:\WINDOWS\System32\ucrtbase.dll
0x00007ff80c900000 - 0x00007ff80c91b000 	D:\Android Studio\jbr\bin\VCRUNTIME140.dll
0x00007ff80c8e0000 - 0x00007ff80c8f8000 	D:\Android Studio\jbr\bin\jli.dll
0x00007ff81bb90000 - 0x00007ff81bd55000 	C:\WINDOWS\System32\USER32.dll
0x00007ff81a850000 - 0x00007ff81a877000 	C:\WINDOWS\System32\win32u.dll
0x00007ffffb370000 - 0x00007ffffb603000 	C:\WINDOWS\WinSxS\amd64_microsoft.windows.common-controls_6595b64144ccf1df_6.0.26100.6899_none_3e0efeeae32e88c1\COMCTL32.dll
0x00007ff81b610000 - 0x00007ff81b6b9000 	C:\WINDOWS\System32\msvcrt.dll
0x00007ff81c870000 - 0x00007ff81c89b000 	C:\WINDOWS\System32\GDI32.dll
0x00007ff819f30000 - 0x00007ff81a05d000 	C:\WINDOWS\System32\gdi32full.dll
0x00007ff81a250000 - 0x00007ff81a2f3000 	C:\WINDOWS\System32\msvcp_win.dll
0x00007ff81b8d0000 - 0x00007ff81b8ff000 	C:\WINDOWS\System32\IMM32.DLL
0x00007ff814e80000 - 0x00007ff814e8c000 	D:\Android Studio\jbr\bin\vcruntime140_1.dll
0x00007ffff8dc0000 - 0x00007ffff8e4d000 	D:\Android Studio\jbr\bin\msvcp140.dll
0x00007fff78110000 - 0x00007fff78d8d000 	D:\Android Studio\jbr\bin\server\jvm.dll
0x00007ff81bf20000 - 0x00007ff81bfd4000 	C:\WINDOWS\System32\ADVAPI32.dll
0x00007ff81c7c0000 - 0x00007ff81c866000 	C:\WINDOWS\System32\sechost.dll
0x00007ff81b910000 - 0x00007ff81ba28000 	C:\WINDOWS\System32\RPCRT4.dll
0x00007ff81b050000 - 0x00007ff81b0c4000 	C:\WINDOWS\System32\WS2_32.dll
0x00007ff819c10000 - 0x00007ff819c6e000 	C:\WINDOWS\SYSTEM32\POWRPROF.dll
0x00007ff80d690000 - 0x00007ff80d69b000 	C:\WINDOWS\SYSTEM32\VERSION.dll
0x00007ff80e120000 - 0x00007ff80e155000 	C:\WINDOWS\SYSTEM32\WINMM.dll
0x00007ff819bf0000 - 0x00007ff819c04000 	C:\WINDOWS\SYSTEM32\UMPDC.dll
0x00007ff818b80000 - 0x00007ff818b9b000 	C:\WINDOWS\SYSTEM32\kernel.appcore.dll
0x00007ff814900000 - 0x00007ff81490a000 	D:\Android Studio\jbr\bin\jimage.dll
0x00007ff817780000 - 0x00007ff8179c2000 	C:\WINDOWS\SYSTEM32\DBGHELP.DLL
0x00007ff81b0d0000 - 0x00007ff81b44b000 	C:\WINDOWS\System32\combase.dll
0x00007ff81bd60000 - 0x00007ff81be37000 	C:\WINDOWS\System32\OLEAUT32.dll
0x00007ffffac10000 - 0x00007ffffac4c000 	C:\WINDOWS\SYSTEM32\dbgcore.DLL
0x00007ff81a1b0000 - 0x00007ff81a248000 	C:\WINDOWS\System32\bcryptPrimitives.dll
0x00007ff80c8c0000 - 0x00007ff80c8df000 	D:\Android Studio\jbr\bin\java.dll

dbghelp: loaded successfully - version: 4.0.5 - missing functions: none
symbol engine: initialized successfully - sym options: 0x614 - pdb path: .;D:\Android Studio\jbr\bin;C:\WINDOWS\SYSTEM32;C:\WINDOWS\WinSxS\amd64_microsoft.windows.common-controls_6595b64144ccf1df_6.0.26100.6899_none_3e0efeeae32e88c1;D:\Android Studio\jbr\bin\server

VM Arguments:
java_command: <unknown>
java_class_path (initial): <not set>
Launcher Type: SUN_STANDARD

[Global flags]
     intx CICompilerCount                          = 4                                         {product} {ergonomic}
     uint ConcGCThreads                            = 2                                         {product} {ergonomic}
     uint G1ConcRefinementThreads                  = 8                                         {product} {ergonomic}
   size_t G1HeapRegionSize                         = 1048576                                   {product} {ergonomic}
    uintx GCDrainStackTargetSize                   = 64                                        {product} {ergonomic}
   size_t InitialHeapSize                          = 96468992                                  {product} {ergonomic}
   size_t MarkStackSize                            = 4194304                                   {product} {ergonomic}
   size_t MaxHeapSize                              = 1541406720                                {product} {ergonomic}
   size_t MinHeapDeltaBytes                        = 1048576                                   {product} {ergonomic}
   size_t MinHeapSize                              = 8388608                                   {product} {ergonomic}
    uintx NonNMethodCodeHeapSize                   = 5839372                                {pd product} {ergonomic}
    uintx NonProfiledCodeHeapSize                  = 122909434                              {pd product} {ergonomic}
    uintx ProfiledCodeHeapSize                     = 122909434                              {pd product} {ergonomic}
    uintx ReservedCodeCacheSize                    = 251658240                              {pd product} {ergonomic}
     bool SegmentedCodeCache                       = true                                      {product} {ergonomic}
   size_t SoftMaxHeapSize                          = 1541406720                             {manageable} {ergonomic}
     bool UseCompressedOops                        = true                           {product lp64_product} {ergonomic}
     bool UseG1GC                                  = true                                      {product} {ergonomic}
     bool UseLargePagesIndividualAllocation        = false                                  {pd product} {ergonomic}

Logging:
Log output configuration:
 #0: stdout all=warning uptime,level,tags foldmultilines=false
 #1: stderr all=off uptime,level,tags foldmultilines=false

Environment Variables:
PATH=C:\flutter\src\flutter\bin\;C:\Program Files\Common Files\Oracle\Java\javapath;C:\WINDOWS\system32;C:\WINDOWS;C:\WINDOWS\System32\Wbem;C:\WINDOWS\System32\WindowsPowerShell\v1.0\;C:\WINDOWS\System32\OpenSSH\;C:\Program Files\IBM\SPSS\Statistics\24\JRE\bin;D:\MATLAB\bin;D:\MATLAB\bin\win64;D:\Programs\Python\Scripts\;D:\Programs\Python\;C:\Users\USER\AppData\Local\Programs\Python\Launcher\;C:\Users\USER\AppData\Local\Microsoft\WindowsApps;C:\Users\USER\AppData\Local\Programs\Microsoft VS Code\bin;C:\Program Files (x86)\Jar2Exe Wizard\;C:\xampp2\php;C:\flutter\src\flutter\bin;;C:\flutter\src\flutter\bin\mingit\cmd
USERNAME=USER
LANG=en_US.UTF-8
OS=Windows_NT
PROCESSOR_IDENTIFIER=AMD64 Family 23 Model 160 Stepping 0, AuthenticAMD
TMP=C:\Users\USER\AppData\Local\Temp
TEMP=C:\Users\USER\AppData\Local\Temp




Periodic native trim disabled

JNI global refs:
JNI global refs: 0, weak refs: 0

JNI global refs memory usage: 0, weak refs: 0

Process memory usage:
Resident Set Size: 11468K (0% of 6018300K total physical memory with 151068K free physical memory)

OOME stack traces (most recent first):
Classloader memory used:

---------------  S Y S T E M  ---------------

OS:
 Windows 11 , 64 bit Build 26100 (10.0.26100.6725)
OS uptime: 6 days 11:36 hours
Hyper-V role detected

CPU: total 8 (initial active 8) (8 cores per cpu, 2 threads per core) family 23 model 160 stepping 0 microcode 0x8a00006, cx8, cmov, fxsr, ht, mmx, 3dnowpref, sse, sse2, sse3, ssse3, sse4a, sse4.1, sse4.2, popcnt, lzcnt, tsc, tscinvbit, avx, avx2, aes, clmul, bmi1, bmi2, adx, sha, fma, vzeroupper, clflush, clflushopt, hv, rdtscp, rdpid, f16c
Processor Information for all 8 processors :
  Max Mhz: 2401, Current Mhz: 2401, Mhz Limit: 2401

Memory: 4k page, system-wide physical 5877M (147M free)
TotalPageFile size 18677M (AvailPageFile size 8M)
current process WorkingSet (physical memory assigned to process): 11M, peak: 11M
current process commit charge ("private bytes"): 11M, peak: 12M

vm_info: OpenJDK 64-Bit Server VM (21.0.3+-12282718-b509.11) for windows-amd64 JRE (21.0.3+-12282718-b509.11), built on 2024-08-27T17:34:15Z by "builder" with MS VC++ 16.10 / 16.11 (VS2019)

END.
